[2026-08-28 22:25:04] OTURUM AÇILDI — Deniz Arslan (Satış ve Satın Alma Sorumlusu)
[2026-08-28 22:26:47] OTURUM AÇILDI — Deniz Arslan (Satış ve Satın Alma Sorumlusu)
[2026-08-28 22:27:28] OTURUM AÇILDI — Deniz Arslan (Satış ve Satın Alma Sorumlusu)
[2026-08-28 22:27:39] > bak 
[2026-08-28 22:27:39] SAYFA: Roven — AI Destekli ERP ⏎ ADRES: /dashboard ⏎ 
[2026-08-28 22:28:06] > git "Teklifler"
[2026-08-28 22:28:09] ✔ sol menüden "Teklifler" bölümüne girdim ⏎ (hiçbir bildirim çıkmadı) ⏎ 
[2026-08-28 22:28:15] > tikla "Yeni Teklif"
[2026-08-28 22:28:17] ✔ "Yeni Teklif" düğmesine bastım ⏎ (hiçbir bildirim çıkmadı) ⏎ 
[2026-08-28 22:28:26] > yaz "Müşteri firma adı" "SIM Deneme Vana A.Ş."
[2026-08-28 22:28:30] ✔ "Müşteri firma adı" alanına "SIM Deneme Vana A.Ş." yazdım ⏎ (hiçbir bildirim çıkmadı) ⏎ 
[2026-08-28 22:28:30] > bak 
[2026-08-28 22:28:31] SAYFA: Roven — AI Destekli ERP ⏎ ADRES: /dashboard/quotes/new ⏎ 
[2026-08-28 22:29:11] > git "/dashboard"
[2026-08-28 22:29:18] ✔ /dashboard adresine gittim ⏎ (hiçbir bildirim çıkmadı) ⏎ 
[2026-08-28 22:36:08] > bak 
[2026-08-28 22:36:08] SAYFA: Roven — AI Destekli ERP ⏎ ADRES: /dashboard ⏎ 
[2026-08-28 22:36:17] > git "Teklifler"
[2026-08-28 22:36:20] ✔ sol menüden "Teklifler" bölümüne girdim ⏎ (hiçbir bildirim çıkmadı) ⏎ 
[2026-08-28 22:36:49] > satir "TKL-2026-014"
[2026-08-28 22:36:52] ✔ "TKL-2026-014" satırını açtım ⏎ (hiçbir bildirim çıkmadı) ⏎ 
[2026-08-28 22:36:58] > bekle "2"
[2026-08-28 22:37:02] ✔ 2 saniye bekledim ⏎ (hiçbir bildirim çıkmadı) ⏎ 
[2026-08-28 22:37:50] > geri 
[2026-08-28 22:37:53] ✔ bir önceki sayfaya döndüm ⏎ (hiçbir bildirim çıkmadı) ⏎ 
[2026-08-28 22:38:12] > tikla "Yeni Teklif"
[2026-08-28 22:38:15] ✔ "Yeni Teklif" düğmesine bastım ⏎ (hiçbir bildirim çıkmadı) ⏎ 
[2026-08-28 22:38:24] > yaz "Müşteri firma adı" "SIM Akdeniz Enerji"
[2026-08-28 22:38:28] ✔ "Müşteri firma adı" alanına "SIM Akdeniz Enerji" yazdım ⏎ (hiçbir bildirim çıkmadı) ⏎ 
[2026-08-28 22:38:32] > sec "Para birimi" "$ USD — US Dollar"
[2026-08-28 22:38:35] ✔ "Para birimi" alanında "$ USD — US Dollar" seçtim ⏎ (hiçbir bildirim çıkmadı) ⏎ 
[2026-08-28 22:38:38] > yaz "Satır 1 ürün kodu" "TGAV-150-DN150-WCB"
[2026-08-28 22:38:42] ✔ "Satır 1 ürün kodu" alanına "TGAV-150-DN150-WCB" yazdım ⏎ (hiçbir bildirim çıkmadı) ⏎ 
[2026-08-28 22:38:55] > bak 
[2026-08-28 22:38:56] SAYFA: Roven — AI Destekli ERP ⏎ ADRES: /dashboard/quotes/new ⏎ 
[2026-08-28 22:39:02] > tikla "TGAV-150-DN150-WCB"
[2026-08-28 22:39:05] ✔ "TGAV-150-DN150-WCB" düğmesine bastım ⏎ (hiçbir bildirim çıkmadı) ⏎ 
[2026-08-28 22:39:18] > yaz "Satır 1 adet" "10"
[2026-08-28 22:39:21] ✔ "Satır 1 adet" alanına "10" yazdım ⏎ (hiçbir bildirim çıkmadı) ⏎ 
[2026-08-28 22:39:28] > yaz "Satır 1 birim fiyat" "2800"
[2026-08-28 22:39:31] ✔ "Satır 1 birim fiyat" alanına "2800" yazdım ⏎ (hiçbir bildirim çıkmadı) ⏎ 
[2026-08-28 22:39:43] > tikla "Kaydet"
[2026-08-28 22:39:45] ✔ "Kaydet" düğmesine bastım ⏎ ⚑ ÇIKAN BİLDİRİM: Kaydedildi ⏎ 
[2026-08-28 22:39:51] > git "Teklifler"
[2026-08-28 22:39:54] ✔ sol menüden "Teklifler" bölümüne girdim ⏎ (hiçbir bildirim çıkmadı) ⏎ 
[2026-08-28 22:40:06] > tikla "Yeni Teklif"
[2026-08-28 22:40:08] ✔ "Yeni Teklif" düğmesine bastım ⏎ (hiçbir bildirim çıkmadı) ⏎ 
[2026-08-28 22:40:13] > yaz "Müşteri firma adı" "SIM Petkim Rafineri"
[2026-08-28 22:40:16] ✔ "Müşteri firma adı" alanına "SIM Petkim Rafineri" yazdım ⏎ (hiçbir bildirim çıkmadı) ⏎ 
[2026-08-28 22:40:20] > sec "Para birimi" "$ USD — US Dollar"
[2026-08-28 22:40:23] ✔ "Para birimi" alanında "$ USD — US Dollar" seçtim ⏎ (hiçbir bildirim çıkmadı) ⏎ 
[2026-08-28 22:40:27] > yaz "Satır 1 ürün kodu" "FWBV-DN400-PN80-PH"
[2026-08-28 22:40:30] ✔ "Satır 1 ürün kodu" alanına "FWBV-DN400-PN80-PH" yazdım ⏎ (hiçbir bildirim çıkmadı) ⏎ 
[2026-08-28 22:40:35] > tikla "FWBV-DN400-PN80-PH"
[2026-08-28 22:40:37] ✔ "FWBV-DN400-PN80-PH" düğmesine bastım ⏎ (hiçbir bildirim çıkmadı) ⏎ 
[2026-08-28 22:41:02] > yaz "Satır 1 adet" "4"
[2026-08-28 22:41:05] ✔ "Satır 1 adet" alanına "4" yazdım ⏎ (hiçbir bildirim çıkmadı) ⏎ 
[2026-08-28 22:41:13] > yaz "Satır 1 birim fiyat" "6500"
[2026-08-28 22:41:16] ✔ "Satır 1 birim fiyat" alanına "6500" yazdım ⏎ (hiçbir bildirim çıkmadı) ⏎ 
[2026-08-28 22:41:20] > tikla "Kaydet"
[2026-08-28 22:41:23] ✔ "Kaydet" düğmesine bastım ⏎ (hiçbir bildirim çıkmadı) ⏎ 
[2026-08-28 22:41:27] > bekle "2"
[2026-08-28 22:41:31] ✔ 2 saniye bekledim ⏎ (hiçbir bildirim çıkmadı) ⏎ 
[2026-08-28 22:41:41] > git "Teklifler"
[2026-08-28 22:41:44] ✔ sol menüden "Teklifler" bölümüne girdim ⏎ (hiçbir bildirim çıkmadı) ⏎ 
[2026-08-28 22:55:43] OTURUM AÇILDI — Deniz Arslan (Satış ve Satın Alma Sorumlusu)
[2026-08-28 22:57:05] > bak 
[2026-08-28 22:57:05] SAYFA: Roven — AI Destekli ERP ⏎ ADRES: /dashboard ⏎ 
[2026-08-28 22:57:13] > git "Teklifler"
[2026-08-28 22:57:15] ✔ sol menüden "Teklifler" bölümüne girdim ⏎ (hiçbir bildirim çıkmadı) ⏎ 
[2026-08-28 22:57:20] > satir "TKL-2026-015"
[2026-08-28 22:57:23] ✔ "TKL-2026-015" satırını açtım ⏎ (hiçbir bildirim çıkmadı) ⏎ 
[2026-08-28 22:57:29] > tikla "Gönder"
[2026-08-28 22:57:29] ✔ "Gönder" düğmesine bastım ⏎ ⚑ ÇIKAN BİLDİRİM: Teklifi GönderTKL-2026-015 numaralı teklif "gönderildi" olarak işaretlenecek ve belgesi dondurulacak (immutable arşiv).Gönderince bu teklif için bekleyen sipariş oluşturulur ve satırlardaki stok rezerve edilir (başka satışçı aynı stoğu teklif edemez). Reddedilir/süresi dolarsa rezervasyon kaldırılır.Müşteriye e-posta da gönderBu teklifte müşteri e-postası yok — yalnız durum güncellenecek.VazgeçGönder ⏎ 
[2026-08-28 22:57:37] > tikla "Gönder"
[2026-08-28 22:58:09] ✖ "Gönder" adında düğme/bağlantı BULAMADIM. ⏎ Ekranda şunlar var: Roven · Temayı değiştir · SD · Dashboard · Teklifler · Satış Siparişleri2 · Cariler · Öneriler6 · Fiyat Talepleri · Satın Alma Siparişleri · Tedarikçiler · Stok & Ürünler · Uyarılar24 · Veri Aktarım Merkezi · Ayarlar · Teknik Şablonlar · Çıkış Yap · ← Teklifler · Gönder · Önizle & PDF · Kaydet · Temizle · Satır Ekle · Satır 1 not · Satır 1 sil · Add line item / Yeni satır ekle · Vazgeç ⏎ 
[2026-08-28 22:58:25] > bak 
[2026-08-28 22:58:26] SAYFA: Roven — AI Destekli ERP ⏎ ADRES: /dashboard/quotes/73e675fc-62f3-41e0-a759-ea4ffa8bad3a ⏎ 
[2026-08-28 22:58:38] > tikla "Gönder"
[2026-08-28 22:59:10] ✖ "Gönder" adında düğme/bağlantı BULAMADIM. ⏎ Ekranda şunlar var: Roven · Temayı değiştir · SD · Dashboard · Teklifler · Satış Siparişleri2 · Cariler · Öneriler6 · Fiyat Talepleri · Satın Alma Siparişleri · Tedarikçiler · Stok & Ürünler · Uyarılar24 · Veri Aktarım Merkezi · Ayarlar · Teknik Şablonlar · Çıkış Yap · ← Teklifler · Gönder · Önizle & PDF · Kaydet · Temizle · Satır Ekle · Satır 1 not · Satır 1 sil · Add line item / Yeni satır ekle · Vazgeç ⏎ 
[2026-08-28 22:59:18] > ekran 
[2026-08-28 22:59:18] 📷 Ekran görüntüsü alındı: /Users/mirzasaribiyik/Projects/erp2/docs/sim/ekran/deniz-1787957958688.png
[2026-08-28 22:59:52] > tikla "Teklifi Gönder"
[2026-08-28 22:59:52] ✔ "Teklifi Gönder" düğmesine bastım ⏎ ⚑ ÇIKAN BİLDİRİM: Teklifi GönderTKL-2026-015 numaralı teklif "gönderildi" olarak işaretlenecek ve belgesi dondurulacak (immutable arşiv).Gönderince bu teklif için bekleyen sipariş oluşturulur ve satırlardaki stok rezerve edilir (başka satışçı aynı stoğu teklif edemez). Reddedilir/süresi dolarsa rezervasyon kaldırılır.Müşteriye e-posta da gönderBu teklifte müşteri e-postası yok — yalnız durum güncellenecek.VazgeçGönder ⏎ 
[2026-08-28 23:00:29] > tikla "Vazgeç"
[2026-08-28 23:00:32] ✔ "Vazgeç" düğmesine bastım ⏎ (hiçbir bildirim çıkmadı) ⏎ 
[2026-08-28 23:01:21] > tikla "Gönder"
[2026-08-28 23:01:21] ✔ "Gönder" düğmesine bastım ⏎ ⚑ ÇIKAN BİLDİRİM: Teklifi GönderTKL-2026-015 numaralı teklif "gönderildi" olarak işaretlenecek ve belgesi dondurulacak (immutable arşiv).Gönderince bu teklif için bekleyen sipariş oluşturulur ve satırlardaki stok rezerve edilir (başka satışçı aynı stoğu teklif edemez). Reddedilir/süresi dolarsa rezervasyon kaldırılır.Müşteriye e-posta da gönderBu teklifte müşteri e-postası yok — yalnız durum güncellenecek.VazgeçGönder ⏎ 
[2026-08-28 23:01:26] > isaretle "Müşteriye e-posta da gönder"
[2026-08-28 23:01:26] ✖ "Müşteriye e-posta da gönder" adında kutucuk BULAMADIM. ⏎ Ekranda şunlar var: Satıcı firma adı · Satıcı Tel · Satıcı Email · Satıcı Adres · Satıcı VKN · Satıcı Web · Müşteri firma adı · Contact (İrtibat Kişisi) · Phone (Telefon) · Email (E-posta) · Address (Adres) · Teklif no · Sales Rep (Satış Temsilcisi) · Date (Tarih) · Valid Until (Geçerlilik) · Para birimi · Satır 1 ürün kodu · Satır 1 teslim süresi · Satır 1 açıklama · Satır 1 adet · Satır 1 birim · Satır 1 birim fiyat · Satır 1 GTİP kodu · Ara toplam · İskonto · KDV oranı · KDV tutarı · Genel toplam · delivery için not şablonu ekle · Teslimat şekli · payment için not şablonu ekle · Ödeme şekli · notes için not şablonu ekle · Notlar ve şartlar · Prepared by ad soyad · Prepared by unvan · Approved by ad soyad · Approved by unvan · Manager Seal ad soyad · Manager Seal unvan · Müşteriye e-posta da gönder ⏎ 
[2026-08-28 23:01:37] > tikla "Vazgeç"
[2026-08-28 23:01:40] ✔ "Vazgeç" düğmesine bastım ⏎ (hiçbir bildirim çıkmadı) ⏎ 
[2026-08-28 23:02:00] > git "Teklifler"
[2026-08-28 23:02:03] ✔ sol menüden "Teklifler" bölümüne girdim ⏎ (hiçbir bildirim çıkmadı) ⏎ 
[2026-08-28 23:02:07] > isaretle "TKL-2026-015 seç"
[2026-08-28 23:02:10] ✔ "TKL-2026-015 seç" kutucuğunu değiştirdim ⏎ (hiçbir bildirim çıkmadı) ⏎ 
[2026-08-28 23:02:15] > tikla "Seçimi Temizle"
[2026-08-28 23:02:17] ✔ "Seçimi Temizle" düğmesine bastım ⏎ (hiçbir bildirim çıkmadı) ⏎ 
[2026-08-28 23:02:31] > satir "TKL-2026-015"
[2026-08-28 23:02:34] ✔ "TKL-2026-015" satırını açtım ⏎ (hiçbir bildirim çıkmadı) ⏎ 
[2026-08-28 23:02:44] > tikla "Gönder"
[2026-08-28 23:02:44] ✔ "Gönder" düğmesine bastım ⏎ ⚑ ÇIKAN BİLDİRİM: Teklifi GönderTKL-2026-015 numaralı teklif "gönderildi" olarak işaretlenecek ve belgesi dondurulacak (immutable arşiv).Gönderince bu teklif için bekleyen sipariş oluşturulur ve satırlardaki stok rezerve edilir (başka satışçı aynı stoğu teklif edemez). Reddedilir/süresi dolarsa rezervasyon kaldırılır.Müşteriye e-posta da gönderBu teklifte müşteri e-postası yok — yalnız durum güncellenecek.VazgeçGönder ⏎ 
[2026-08-28 23:02:48] > bekle "2"
[2026-08-28 23:02:50] ✔ 2 saniye bekledim ⏎ ⚑ ÇIKAN BİLDİRİM: Teklifi GönderTKL-2026-015 numaralı teklif "gönderildi" olarak işaretlenecek ve belgesi dondurulacak (immutable arşiv).Gönderince bu teklif için bekleyen sipariş oluşturulur ve satırlardaki stok rezerve edilir (başka satışçı aynı stoğu teklif edemez). Reddedilir/süresi dolarsa rezervasyon kaldırılır.Müşteriye e-posta da gönderBu teklifte müşteri e-postası yok — yalnız durum güncellenecek.VazgeçGönder ⏎ 
[2026-08-28 23:02:53] > tikla "Gönder"
[2026-08-28 23:03:26] ✖ "Gönder" adında düğme/bağlantı BULAMADIM. ⏎ Ekranda şunlar var: Roven · Temayı değiştir · SD · Dashboard · Teklifler · Satış Siparişleri2 · Cariler · Öneriler6 · Fiyat Talepleri · Satın Alma Siparişleri · Tedarikçiler · Stok & Ürünler · Uyarılar24 · Veri Aktarım Merkezi · Ayarlar · Teknik Şablonlar · Çıkış Yap · ← Teklifler · Gönder · Önizle & PDF · Kaydet · Temizle · Satır Ekle · Satır 1 not · Satır 1 sil · Add line item / Yeni satır ekle · Vazgeç ⏎ 
[2026-08-28 23:03:33] > tikla "Vazgeç"
[2026-08-28 23:03:35] ✔ "Vazgeç" düğmesine bastım ⏎ (hiçbir bildirim çıkmadı) ⏎ 
[2026-08-28 23:03:58] > tikla "Önizle & PDF"
[2026-08-28 23:04:01] ✔ "Önizle & PDF" düğmesine bastım ⏎ (hiçbir bildirim çıkmadı) ⏎ 
[2026-08-28 23:04:07] > tikla "Formu Düzenle"
[2026-08-28 23:04:10] ✔ "Formu Düzenle" düğmesine bastım ⏎ (hiçbir bildirim çıkmadı) ⏎ 
[2026-08-28 23:04:20] > git "Teklifler"
[2026-08-28 23:04:23] ✔ sol menüden "Teklifler" bölümüne girdim ⏎ (hiçbir bildirim çıkmadı) ⏎ 
[2026-08-28 23:04:45] > tikla "Yenile"
[2026-08-28 23:04:48] ✔ "Yenile" düğmesine bastım ⏎ (hiçbir bildirim çıkmadı) ⏎ 
[2026-08-29 06:02:20] > git "/dashboard/quotes"
[2026-08-29 06:02:24] ✔ /dashboard/quotes adresine gittim ⏎ (hiçbir bildirim çıkmadı) ⏎ 
[2026-08-29 06:02:24] > satir "TKL-2026-015"
[2026-08-29 06:02:24] ✖ "TKL-2026-015" adında tablo satırı BULAMADIM. ⏎ Ekranda hiç tablo satırı görünmüyor. ⏎ 
[2026-08-29 06:02:25] > tikla "Gönder"
[2026-08-29 06:02:25] ✖ "Gönder" adında düğme/bağlantı BULAMADIM. ⏎ Ekranda şunlar var: TR · EN · Temayı değiştir · Parolayı göster · Şifremi unuttum · Giriş Yap · Google ile devam et ⏎ 
[2026-08-29 06:02:59] OTURUM AÇILDI — Deniz Arslan (Satış ve Satın Alma Sorumlusu)
[2026-08-29 06:03:00] > git "/dashboard/quotes"
[2026-08-29 06:03:16] ✔ /dashboard/quotes adresine gittim ⏎ (hiçbir bildirim çıkmadı) ⏎ 
[2026-08-29 06:03:16] > satir "TKL-2026-015"
[2026-08-29 06:03:23] ✔ "TKL-2026-015" satırını açtım ⏎ (hiçbir bildirim çıkmadı) ⏎ 
[2026-08-29 06:03:27] > tikla "Gönder"
[2026-08-29 06:03:28] ✔ "Gönder" düğmesine bastım ⏎ ⚑ ÇIKAN BİLDİRİM: Teklifi GönderTKL-2026-015 numaralı teklif "gönderildi" olarak işaretlenecek ve belgesi dondurulacak (immutable arşiv).Gönderince bu teklif için bekleyen sipariş oluşturulur ve satırlardaki stok rezerve edilir (başka satışçı aynı stoğu teklif edemez). Reddedilir/süresi dolarsa rezervasyon kaldırılır.Müşteriye e-posta da gönderBu teklifte müşteri e-postası yok — yalnız durum güncellenecek.VazgeçGönder ⏎ 
[2026-08-29 06:03:28] > bak 
[2026-08-29 06:03:29] SAYFA: Roven — AI Destekli ERP ⏎ ADRES: /dashboard/quotes/73e675fc-62f3-41e0-a759-ea4ffa8bad3a ⏎ 
[2026-08-29 06:03:46] > tikla "Vazgeç"
[2026-08-29 06:03:49] ✔ "Vazgeç" düğmesine bastım ⏎ (hiçbir bildirim çıkmadı) ⏎ 
[2026-08-29 06:04:30] OTURUM AÇILDI — Deniz Arslan (Satış ve Satın Alma Sorumlusu)
[2026-08-29 06:04:37] > git "/dashboard/quotes"
[2026-08-29 06:04:53] ✔ /dashboard/quotes adresine gittim ⏎ (hiçbir bildirim çıkmadı) ⏎ 
[2026-08-29 06:04:53] > satir "TKL-2026-015"
[2026-08-29 06:04:59] ✔ "TKL-2026-015" satırını açtım ⏎ (hiçbir bildirim çıkmadı) ⏎ 
[2026-08-29 06:04:59] > tikla "Gönder"
[2026-08-29 06:05:00] ✔ "Gönder" düğmesine bastım ⏎ ⚑ ÇIKAN BİLDİRİM: Teklifi GönderTKL-2026-015 numaralı teklif "gönderildi" olarak işaretlenecek ve belgesi dondurulacak (immutable arşiv).Gönderince bu teklif için bekleyen sipariş oluşturulur ve satırlardaki stok rezerve edilir (başka satışçı aynı stoğu teklif edemez). Reddedilir/süresi dolarsa rezervasyon kaldırılır.Müşteriye e-posta da gönderBu teklifte müşteri e-postası yok — yalnız durum güncellenecek.VazgeçGönder ⏎ 
[2026-08-29 06:05:00] > tikla "Gönder"
[2026-08-29 06:05:02] ✔ "Gönder" düğmesine bastım ⏎ ⚑ ÇIKAN BİLDİRİM: ✗Teklifi göndermeden önce müşteri adresi girilmeli.× ⏎ 
[2026-08-29 06:07:27] > bak 
[2026-08-29 06:07:27] SAYFA: Roven — AI Destekli ERP ⏎ ADRES: /dashboard/quotes/73e675fc-62f3-41e0-a759-ea4ffa8bad3a ⏎ 
[2026-08-29 06:07:40] > yaz "Address (Adres)" "SIM Organize Sanayi Bölgesi 4. Cadde No:12 Gebze/Kocaeli"
[2026-08-29 06:07:45] ✔ "Address (Adres)" alanına "SIM Organize Sanayi Bölgesi 4. Cadde No:12 Gebze/Kocaeli" yazdım ⏎ (hiçbir bildirim çıkmadı) ⏎ 
[2026-08-29 06:07:48] > tikla "Kaydet"
[2026-08-29 06:07:51] ✔ "Kaydet" düğmesine bastım ⏎ (hiçbir bildirim çıkmadı) ⏎ 
[2026-08-29 06:07:54] > bekle "3"
[2026-08-29 06:08:00] ✔ 3 saniye bekledim ⏎ (hiçbir bildirim çıkmadı) ⏎ 
[2026-08-29 06:08:06] > tikla "Gönder"
[2026-08-29 06:08:07] ✔ "Gönder" düğmesine bastım ⏎ ⚑ ÇIKAN BİLDİRİM: Teklifi GönderTKL-2026-015 numaralı teklif "gönderildi" olarak işaretlenecek ve belgesi dondurulacak (immutable arşiv).Gönderince bu teklif için bekleyen sipariş oluşturulur ve satırlardaki stok rezerve edilir (başka satışçı aynı stoğu teklif edemez). Reddedilir/süresi dolarsa rezervasyon kaldırılır.Müşteriye e-posta da gönderBu teklifte müşteri e-postası yok — yalnız durum güncellenecek.VazgeçGönder ⏎ 
[2026-08-29 06:08:13] > tikla "Gönder"
[2026-08-29 06:08:16] ✔ "Gönder" düğmesine bastım ⏎ (hiçbir bildirim çıkmadı) ⏎ 
[2026-08-29 06:08:19] > bekle "3"
[2026-08-29 06:08:25] ✔ 3 saniye bekledim ⏎ (hiçbir bildirim çıkmadı) ⏎ 
[2026-08-29 06:08:35] > git "Satış Siparişleri"
[2026-08-29 06:08:38] ✔ sol menüden "Satış Siparişleri" bölümüne girdim ⏎ (hiçbir bildirim çıkmadı) ⏎ 
[2026-08-29 06:08:47] > geri 
[2026-08-29 06:08:50] ✔ bir önceki sayfaya döndüm ⏎ (hiçbir bildirim çıkmadı) ⏎ 
[2026-08-29 06:08:58] > git "Teklifler"
[2026-08-29 06:09:01] ✔ sol menüden "Teklifler" bölümüne girdim ⏎ (hiçbir bildirim çıkmadı) ⏎ 
[2026-08-29 06:09:12] > satir "TKL-2026-015"
[2026-08-29 06:09:15] ✔ "TKL-2026-015" satırını açtım ⏎ (hiçbir bildirim çıkmadı) ⏎ 
[2026-08-29 06:09:23] > tikla "Kabul Et ve Siparişe Dönüştür"
[2026-08-29 06:09:23] ✔ "Kabul Et ve Siparişe Dönüştür" düğmesine bastım ⏎ ⚑ ÇIKAN BİLDİRİM: Teklifi Kabul Et ve Siparişe DönüştürTKL-2026-015 numaralı teklif kabul edilip taslak sipariş olarak oluşturulacak. Devam etmek istiyor musunuz?VazgeçKabul Et ve Dönüştür ⏎ 
[2026-08-29 06:09:28] > tikla "Kabul Et ve Dönüştür"
[2026-08-29 06:09:30] ✔ "Kabul Et ve Dönüştür" düğmesine bastım ⏎ (hiçbir bildirim çıkmadı) ⏎ 
[2026-08-29 06:09:34] > bekle "3"
[2026-08-29 06:09:39] ✔ 3 saniye bekledim ⏎ (hiçbir bildirim çıkmadı) ⏎ 
[2026-08-29 06:10:04] > git "Satış Siparişleri"
[2026-08-29 06:10:07] ✔ sol menüden "Satış Siparişleri" bölümüne girdim ⏎ (hiçbir bildirim çıkmadı) ⏎ 
[2026-08-29 06:10:23] > satir "ORD-2026-0030"
[2026-08-29 06:10:26] ✔ "ORD-2026-0030" satırını açtım ⏎ (hiçbir bildirim çıkmadı) ⏎ 
[2026-08-29 06:10:39] > git "Öneriler"
[2026-08-29 06:10:42] ✔ sol menüden "Öneriler" bölümüne girdim ⏎ (hiçbir bildirim çıkmadı) ⏎ 
[2026-08-29 06:22:13] > bak 
[2026-08-29 06:22:13] SAYFA: Roven — AI Destekli ERP ⏎ ADRES: /dashboard/purchase/suggested ⏎ 
[2026-08-29 06:22:21] > git "Satın Alma Siparişleri"
[2026-08-29 06:22:24] ✔ sol menüden "Satın Alma Siparişleri" bölümüne girdim ⏎ (hiçbir bildirim çıkmadı) ⏎ 
[2026-08-29 06:22:29] > satir "PO-2026-0003"
[2026-08-29 06:22:32] ✔ "PO-2026-0003" satırını açtım ⏎ (hiçbir bildirim çıkmadı) ⏎ 
[2026-08-29 06:22:35] > bak 
[2026-08-29 06:22:35] SAYFA: Roven — AI Destekli ERP ⏎ ADRES: /dashboard/purchase/orders/80abab2f-15e7-4569-b4cb-521b2613a0a7 ⏎ 
[2026-08-29 06:22:38] > bekle "3"
[2026-08-29 06:22:44] ✔ 3 saniye bekledim ⏎ (hiçbir bildirim çıkmadı) ⏎ 
[2026-08-29 06:22:49] > tikla "Mal Kabul"
[2026-08-29 06:22:51] ✔ "Mal Kabul" düğmesine bastım ⏎ (hiçbir bildirim çıkmadı) ⏎ 
[2026-08-29 06:22:59] > ekran 
[2026-08-29 06:22:59] 📷 Ekran görüntüsü alındı: /Users/mirzasaribiyik/Projects/erp2/docs/sim/ekran/deniz-1787984579595.png
[2026-08-29 06:23:22] > tikla "Kabulü Kaydet"
[2026-08-29 06:23:24] ✔ "Kabulü Kaydet" düğmesine bastım ⏎ (hiçbir bildirim çıkmadı) ⏎ 
[2026-08-29 06:23:28] > bekle "2"
[2026-08-29 06:23:33] ✔ 2 saniye bekledim ⏎ (hiçbir bildirim çıkmadı) ⏎ 
[2026-08-29 06:23:49] > ekran 
[2026-08-29 06:23:49] 📷 Ekran görüntüsü alındı: /Users/mirzasaribiyik/Projects/erp2/docs/sim/ekran/deniz-1787984629026.png
[2026-08-29 06:24:08] > git "Tedarikçiler"
[2026-08-29 06:24:11] ✔ sol menüden "Tedarikçiler" bölümüne girdim ⏎ (hiçbir bildirim çıkmadı) ⏎ 
[2026-08-29 06:24:17] > satir "Albrecht-Automatik GmbH"
[2026-08-29 06:24:20] ✔ "Albrecht-Automatik GmbH" satırını açtım ⏎ (hiçbir bildirim çıkmadı) ⏎ 
[2026-08-29 06:24:27] > tikla "Kapat"
[2026-08-29 06:24:29] ✔ "Kapat" düğmesine bastım ⏎ (hiçbir bildirim çıkmadı) ⏎ 
[2026-08-29 06:24:33] > git "Satın Alma Siparişleri"
[2026-08-29 06:24:36] ✔ sol menüden "Satın Alma Siparişleri" bölümüne girdim ⏎ (hiçbir bildirim çıkmadı) ⏎ 
[2026-08-29 06:24:39] > bak 
[2026-08-29 06:24:40] SAYFA: Roven — AI Destekli ERP ⏎ ADRES: /dashboard/purchase/orders ⏎ 
[2026-08-29 06:24:43] > bekle "2"
[2026-08-29 06:24:48] ✔ 2 saniye bekledim ⏎ (hiçbir bildirim çıkmadı) ⏎ 
[2026-08-29 06:24:55] > git "Stok & Ürünler"
[2026-08-29 06:24:58] ✔ sol menüden "Stok & Ürünler" bölümüne girdim ⏎ (hiçbir bildirim çıkmadı) ⏎ 
[2026-08-29 06:25:01] > bekle "2"
[2026-08-29 06:25:05] ✔ 2 saniye bekledim ⏎ (hiçbir bildirim çıkmadı) ⏎ 
[2026-08-29 06:25:19] > satir "Gaz Basınç Regülatörü DN100 Döküm Çelik"
[2026-08-29 06:25:22] ✔ "Gaz Basınç Regülatörü DN100 Döküm Çelik" satırını açtım ⏎ (hiçbir bildirim çıkmadı) ⏎ 
[2026-08-29 06:25:26] > tikla "Stok"
[2026-08-29 06:25:28] ✔ "Stok" düğmesine bastım ⏎ (hiçbir bildirim çıkmadı) ⏎ 
[2026-08-29 06:26:13] > satir "PO-2026-0003"
[2026-08-29 06:26:13] ✖ "PO-2026-0003" adında tablo satırı BULAMADIM. ⏎ Ekranda şunlar var: 62026-07-18Albrecht-Automatik GmbHpending ⏎ 
[2026-08-29 06:26:17] > git "Satın Alma Siparişleri"
[2026-08-29 06:26:20] ✔ sol menüden "Satın Alma Siparişleri" bölümüne girdim ⏎ (hiçbir bildirim çıkmadı) ⏎ 
[2026-08-29 06:26:24] > satir "PO-2026-0003"
[2026-08-29 06:26:27] ✔ "PO-2026-0003" satırını açtım ⏎ (hiçbir bildirim çıkmadı) ⏎ 
[2026-08-29 06:26:30] > bekle "2"
[2026-08-29 06:26:35] ✔ 2 saniye bekledim ⏎ (hiçbir bildirim çıkmadı) ⏎ 
[2026-08-29 06:27:43] > tikla "Yazdır / PDF"
[2026-08-29 06:27:46] ✔ "Yazdır / PDF" düğmesine bastım ⏎ (hiçbir bildirim çıkmadı) ⏎ 
